Circular Linked List Operations:
1. Create List
2. Insert at Beginning
3. Insert at End
4. Insert at Position
5. Delete at Beginning
6. Delete at End
7. Delete at Position
8. Display
9. Exit
Enter your choice: 2
Enter data to insert at beginning: 1

Circular Linked List Operations:
1. Create List
2. Insert at Beginning
3. Insert at End
4. Insert at Position
5. Delete at Beginning
6. Delete at End
7. Delete at Position
8. Display
9. Exit
Enter your choice: 2
Enter data to insert at beginning: 2

Circular Linked List Operations:
1. Create List
2. Insert at Beginning
3. Insert at End
4. Insert at Position
5. Delete at Beginning
6. Delete at End
7. Delete at Position
8. Display
9. Exit
Enter your choice: 8 2 1
2 1 

Circular Linked List Operations:
1. Create List
2. Insert at Beginning
3. Insert at End
4. Insert at Position
5. Delete at Beginning
6. Delete at End
7. Delete at Position
8. Display
9. Exit
Enter your choice: Enter data to insert at beginning: 
Circular Linked List Operations:
1. Create List
2. Insert at Beginning
3. Insert at End
4. Insert at Position
5. Delete at Beginning
6. Delete at End
7. Delete at Position
8. Display
9. Exit
Enter your choice: 3
Enter data to insert at end: 3

Circular Linked List Operations:
1. Create List
2. Insert at Beginning
3. Insert at End
4. Insert at Position
5. Delete at Beginning
6. Delete at End
7. Delete at Position
8. Display
9. Exit
Enter your choice: 3
Enter data to insert at end: 4

Circular Linked List Operations:
1. Create List
2. Insert at Beginning
3. Insert at End
4. Insert at Position
5. Delete at Beginning
6. Delete at End
7. Delete at Position
8. Display
9. Exit
Enter your choice: 8 2 1 3 4
1 2 1 3 4 

Circular Linked List Operations:
1. Create List
2. Insert at Beginning
3. Insert at End
4. Insert at Position
5. Delete at Beginning
6. Delete at End
7. Delete at Position
8. Display
9. Exit
Enter your choice: Enter data to insert at beginning: 
Circular Linked List Operations:
1. Create List
2. Insert at Beginning
3. Insert at End
4. Insert at Position
5. Delete at Beginning
6. Delete at End
7. Delete at Position
8. Display
9. Exit
Enter your choice: Enter data to insert at end: 
Circular Linked List Operations:
1. Create List
2. Insert at Beginning
3. Insert at End
4. Insert at Position
5. Delete at Beginning
6. Delete at End
7. Delete at Position
8. Display
9. Exit
Enter your choice: 4 
Enter data to insert: 5
Enter position: 3

Circular Linked List Operations:
1. Create List
2. Insert at Beginning
3. Insert at End
4. Insert at Position
5. Delete at Beginning
6. Delete at End
7. Delete at Position
8. Display
9. Exit
Enter your choice: 8 2 1 5 3 4
1 1 5 2 1 3 4 4 

Circular Linked List Operations:
1. Create List
2. Insert at Beginning
3. Insert at End
4. Insert at Position
5. Delete at Beginning
6. Delete at End
7. Delete at Position
8. Display
9. Exit
Enter your choice: Enter data to insert at beginning: 
Circular Linked List Operations:
1. Create List
2. Insert at Beginning
3. Insert at End
4. Insert at Position
5. Delete at Beginning
6. Delete at End
7. Delete at Position
8. Display
9. Exit
Enter your choice: 
Circular Linked List Operations:
1. Create List
2. Insert at Beginning
3. Insert at End
4. Insert at Position
5. Delete at Beginning
6. Delete at End
7. Delete at Position
8. Display
9. Exit
Enter your choice: Enter data to insert at end: 
Circular Linked List Operations:
1. Create List
2. Insert at Beginning
3. Insert at End
4. Insert at Position
5. Delete at Beginning
6. Delete at End
7. Delete at Position
8. Display
9. Exit
Enter your choice: 5

Circular Linked List Operations:
1. Create List
2. Insert at Beginning
3. Insert at End
4. Insert at Position
5. Delete at Beginning
6. Delete at End
7. Delete at Position
8. Display
9. Exit
Enter your choice: 8 1 5 3 4 
1 5 2 1 3 4 4 4 

Circular Linked List Operations:
1. Create List
2. Insert at Beginning
3. Insert at End
4. Insert at Position
5. Delete at Beginning
6. Delete at End
7. Delete at Position
8. Display
9. Exit
Enter your choice: Enter data for the first node: 
Circular Linked List Operations:
1. Create List
2. Insert at Beginning
3. Insert at End
4. Insert at Position
5. Delete at Beginning
6. Delete at End
7. Delete at Position
8. Display
9. Exit
Enter your choice: Enter data to insert at end: 
Circular Linked List Operations:
1. Create List
2. Insert at Beginning
3. Insert at End
4. Insert at Position
5. Delete at Beginning
6. Delete at End
7. Delete at Position
8. Display
9. Exit
Enter your choice: 6

Circular Linked List Operations:
1. Create List
2. Insert at Beginning
3. Insert at End
4. Insert at Position
5. Delete at Beginning
6. Delete at End
7. Delete at Position
8. Display
9. Exit
Enter your choice: 8 1 5 3
5 

Circular Linked List Operations:
1. Create List
2. Insert at Beginning
3. Insert at End
4. Insert at Position
5. Delete at Beginning
6. Delete at End
7. Delete at Position
8. Display
9. Exit
Enter your choice: Enter data for the first node: 
Circular Linked List Operations:
1. Create List
2. Insert at Beginning
3. Insert at End
4. Insert at Position
5. Delete at Beginning
6. Delete at End
7. Delete at Position
8. Display
9. Exit
Enter your choice: Enter data to insert at end: 2

Circular Linked List Operations:
1. Create List
2. Insert at Beginning
3. Insert at End
4. Insert at Position
5. Delete at Beginning
6. Delete at End
7. Delete at Position
8. Display
9. Exit
Enter your choice: 8 1 3
5 2 

Circular Linked List Operations:
1. Create List
2. Insert at Beginning
3. Insert at End
4. Insert at Position
5. Delete at Beginning
6. Delete at End
7. Delete at Position
8. Display
9. Exit
Enter your choice: Enter data for the first node: 
Circular Linked List Operations:
1. Create List
2. Insert at Beginning
3. Insert at End
4. Insert at Position
5. Delete at Beginning
6. Delete at End
7. Delete at Position
8. Display
9. Exit
Enter your choice: 9

